  R2  C

  NO   COPYTIME

   0 0.00000000 |
   1 0.00000000 |
   2 0.00000000 |

